15:50:32 **** Incremental Build of configuration Debug for project Task3 ****
make -j4 all 
arm-none-eabi-gcc "../Core/Src/sct.c" -mcpu=cortex-m0 -std=gnu11 -g3 -DDEBUG -DUSE_HAL_DRIVER -DSTM32F030x8 -c -I../Core/Inc -I../Drivers/STM32F0xx_HAL_Driver/Inc -I../Drivers/STM32F0xx_HAL_Driver/Inc/Legacy -I../Drivers/CMSIS/Device/ST/STM32F0xx/Include -I../Drivers/CMSIS/Include -O0 -ffunction-sections -fdata-sections -Wall -fstack-usage -fcyclomatic-complexity -MMD -MP -MF"Core/Src/sct.d" -MT"Core/Src/sct.o" --specs=nano.specs -mfloat-abi=soft -mthumb -o "Core/Src/sct.o"
arm-none-eabi-gcc -o "Task3.elf" @"objects.list"   -mcpu=cortex-m0 -T"C:\Temp\Mavhundu\MKS25\Task3\STM32F030R8TX_FLASH.ld" --specs=nosys.specs -Wl,-Map="Task3.map" -Wl,--gc-sections -static --specs=nano.specs -mfloat-abi=soft -mthumb -Wl,--start-group -lc -lm -Wl,--end-group
Finished building target: Task3.elf
 
arm-none-eabi-size  Task3.elf 
arm-none-eabi-objdump -h -S Task3.elf  > "Task3.list"
   text	   data	    bss	    dec	    hex	filename
   9288	     12	   1780	  11080	   2b48	Task3.elf
Finished building: default.size.stdout
 
Finished building: Task3.list
 

15:50:33 Build Finished. 0 errors, 0 warnings. (took 1s.25ms)

